###############################################################################
#
# IAR ELF Linker V8.50.9.278/W32 for ARM                  23/Feb/2021  10:13:41
# Copyright 2007-2020 IAR Systems AB.
#
#    Output file  =
#        C:\Users\YJ병점\Documents\UART_Polling\EWARM\UART_Polling\Exe\UART_Polling.out
#    Map file     =
#        C:\Users\YJ병점\Documents\UART_Polling\EWARM\UART_Polling\List\UART_Polling.map
#    Command line =
#        -f C:\Users\YJ병점\AppData\Local\Temp\EWF56E.tmp
#        (C:\Users\YJ병점\Documents\UART_Polling\EWARM\UART_Polling\Obj\main.o
#        C:\Users\YJ병점\Documents\UART_Polling\EWARM\UART_Polling\Obj\startup_stm32g474xx.o
#        C:\Users\YJ병점\Documents\UART_Polling\EWARM\UART_Polling\Obj\stm32g4xx_hal.o
#        C:\Users\YJ병점\Documents\UART_Polling\EWARM\UART_Polling\Obj\stm32g4xx_hal_cortex.o
#        C:\Users\YJ병점\Documents\UART_Polling\EWARM\UART_Polling\Obj\stm32g4xx_hal_dma.o
#        C:\Users\YJ병점\Documents\UART_Polling\EWARM\UART_Polling\Obj\stm32g4xx_hal_dma_ex.o
#        C:\Users\YJ병점\Documents\UART_Polling\EWARM\UART_Polling\Obj\stm32g4xx_hal_exti.o
#        C:\Users\YJ병점\Documents\UART_Polling\EWARM\UART_Polling\Obj\stm32g4xx_hal_flash.o
#        C:\Users\YJ병점\Documents\UART_Polling\EWARM\UART_Polling\Obj\stm32g4xx_hal_flash_ex.o
#        C:\Users\YJ병점\Documents\UART_Polling\EWARM\UART_Polling\Obj\stm32g4xx_hal_flash_ramfunc.o
#        C:\Users\YJ병점\Documents\UART_Polling\EWARM\UART_Polling\Obj\stm32g4xx_hal_gpio.o
#        C:\Users\YJ병점\Documents\UART_Polling\EWARM\UART_Polling\Obj\stm32g4xx_hal_msp.o
#        C:\Users\YJ병점\Documents\UART_Polling\EWARM\UART_Polling\Obj\stm32g4xx_hal_pwr.o
#        C:\Users\YJ병점\Documents\UART_Polling\EWARM\UART_Polling\Obj\stm32g4xx_hal_pwr_ex.o
#        C:\Users\YJ병점\Documents\UART_Polling\EWARM\UART_Polling\Obj\stm32g4xx_hal_rcc.o
#        C:\Users\YJ병점\Documents\UART_Polling\EWARM\UART_Polling\Obj\stm32g4xx_hal_rcc_ex.o
#        C:\Users\YJ병점\Documents\UART_Polling\EWARM\UART_Polling\Obj\stm32g4xx_hal_tim.o
#        C:\Users\YJ병점\Documents\UART_Polling\EWARM\UART_Polling\Obj\stm32g4xx_hal_tim_ex.o
#        C:\Users\YJ병점\Documents\UART_Polling\EWARM\UART_Polling\Obj\stm32g4xx_hal_uart.o
#        C:\Users\YJ병점\Documents\UART_Polling\EWARM\UART_Polling\Obj\stm32g4xx_hal_uart_ex.o
#        C:\Users\YJ병점\Documents\UART_Polling\EWARM\UART_Polling\Obj\stm32g4xx_it.o
#        C:\Users\YJ병점\Documents\UART_Polling\EWARM\UART_Polling\Obj\system_stm32g4xx.o
#        --no_out_extension -o
#        C:\Users\YJ병점\Documents\UART_Polling\EWARM\UART_Polling\Exe\UART_Polling.out
#        --redirect _Printf=_PrintfFullNoMb --redirect _Scanf=_ScanfFullNoMb
#        --map
#        C:\Users\YJ병점\Documents\UART_Polling\EWARM\UART_Polling\List\UART_Polling.map
#        --config
#        C:\Users\YJ병점\Documents\UART_Polling\EWARM/stm32g474xx_flash.icf
#        --semihosting --entry __iar_program_start --vfe --text_out locale)
#
###############################################################################

*******************************************************************************
*** RUNTIME MODEL ATTRIBUTES
***

CppFlavor       = *
__SystemLibrary = DLib
__dlib_version  = 6


*******************************************************************************
*** HEAP SELECTION
***

The basic heap was selected because some modules are built with
size limitations (and not runtime checking), and --advanced_heap
was not specified.


*******************************************************************************
*** PLACEMENT SUMMARY
***

"A0":  place at address 0x800'0000 { ro section .intvec };
"P1":  place in [from 0x800'0000 to 0x807'ffff] { ro };
define block CSTACK with size = 1K, alignment = 8 { };
define block HEAP with size = 512, alignment = 8 { };
"P2":  place in [from 0x2000'0000 to 0x2001'ffff] {
          rw, block CSTACK, block HEAP };
initialize by copy { rw };

  Section            Kind         Address    Size  Object
  -------            ----         -------    ----  ------
"A0":                                       0x1d8
  .intvec            ro code   0x800'0000   0x1d8  startup_stm32g474xx.o [1]
                             - 0x800'01d8   0x1d8

"P1":                                      0x1b90
  .text              ro code   0x800'01d8   0x690  stm32g4xx_hal_uart.o [1]
  .text              ro code   0x800'0868    0x98  stm32g4xx_hal_msp.o [1]
  .text              ro code   0x800'0900     0xc  stm32g4xx_hal.o [1]
  .text              ro code   0x800'090c   0x62c  stm32g4xx_hal_rcc.o [1]
  .text              ro code   0x800'0f38   0x106  I64DivMod_small.o [4]
  .text              ro code   0x800'103e    0x3a  zero_init3.o [4]
  .text              ro code   0x800'1078    0xb0  stm32g4xx_hal_pwr_ex.o [1]
  .text              ro code   0x800'1128    0x14  memset.o [4]
  .text              ro code   0x800'113c   0x1d6  stm32g4xx_hal_gpio.o [1]
  .text              ro code   0x800'1312    0x2e  copy_init3.o [4]
  .text              ro code   0x800'1340    0x44  stm32g4xx_hal.o [1]
  .text              ro code   0x800'1384     0x2  I64DivZer.o [4]
  .text              ro code   0x800'1388    0x66  ABImemset.o [4]
  .text              ro code   0x800'13f0    0xc8  stm32g4xx_hal_cortex.o [1]
  .text              ro code   0x800'14b8   0x28c  stm32g4xx_hal_rcc_ex.o [1]
  .text              ro code   0x800'1744   0x1f8  main.o [1]
  .text              ro code   0x800'193c    0x1e  stm32g4xx_hal.o [1]
  .text              ro code   0x800'195c   0x110  stm32g4xx_hal_uart_ex.o [1]
  .text              ro code   0x800'1a6c    0x18  ABImemcpy_small.o [4]
  .text              ro code   0x800'1a84    0x2c  system_stm32g4xx.o [1]
  .text              ro code   0x800'1ab0    0x28  data_init.o [4]
  .text              ro code   0x800'1ad8    0x22  fpinit_M.o [3]
  .iar.init_table    const     0x800'1afc    0x24  - Linker created -
  .text              ro code   0x800'1b20    0x1e  cmain.o [4]
  .text              ro code   0x800'1b3e     0x4  low_level_init.o [2]
  .text              ro code   0x800'1b42     0x4  exit.o [2]
  .text              ro code   0x800'1b48     0xa  cexit.o [4]
  .text              ro code   0x800'1b54    0x14  exit.o [5]
  .text              ro code   0x800'1b68    0x1c  stm32g4xx_it.o [1]
  .text              ro code   0x800'1b84    0x10  stm32g4xx_hal.o [1]
  .text              ro code   0x800'1b94    0x1c  cstartup_M.o [4]
  .text              ro code   0x800'1bb0    0x10  startup_stm32g474xx.o [1]
  Initializer bytes  const     0x800'1bc0    0x10  <for P2-1>
  .rodata            const     0x800'1bd0     0x8  system_stm32g4xx.o [1]
  .text              ro code   0x800'1bd8     0x4  startup_stm32g474xx.o [1]
  .text              ro code   0x800'1bdc     0x4  startup_stm32g474xx.o [1]
  .text              ro code   0x800'1be0     0x4  startup_stm32g474xx.o [1]
  .text              ro code   0x800'1be4     0x4  startup_stm32g474xx.o [1]
  .text              ro code   0x800'1be8     0x4  startup_stm32g474xx.o [1]
  .text              ro code   0x800'1bec     0x4  startup_stm32g474xx.o [1]
  .text              ro code   0x800'1bf0     0x4  startup_stm32g474xx.o [1]
  .text              ro code   0x800'1bf4     0x4  startup_stm32g474xx.o [1]
  .text              ro code   0x800'1bf8     0x4  startup_stm32g474xx.o [1]
  .text              ro code   0x800'1bfc     0x4  startup_stm32g474xx.o [1]
  .text              ro code   0x800'1c00     0x4  startup_stm32g474xx.o [1]
  .text              ro code   0x800'1c04     0x4  startup_stm32g474xx.o [1]
  .text              ro code   0x800'1c08     0x4  startup_stm32g474xx.o [1]
  .text              ro code   0x800'1c0c     0x4  startup_stm32g474xx.o [1]
  .text              ro code   0x800'1c10     0x4  startup_stm32g474xx.o [1]
  .text              ro code   0x800'1c14     0x4  startup_stm32g474xx.o [1]
  .text              ro code   0x800'1c18     0x4  startup_stm32g474xx.o [1]
  .text              ro code   0x800'1c1c     0x4  startup_stm32g474xx.o [1]
  .text              ro code   0x800'1c20     0x4  startup_stm32g474xx.o [1]
  .text              ro code   0x800'1c24     0x4  startup_stm32g474xx.o [1]
  .text              ro code   0x800'1c28     0x4  startup_stm32g474xx.o [1]
  .text              ro code   0x800'1c2c     0x4  startup_stm32g474xx.o [1]
  .text              ro code   0x800'1c30     0x4  startup_stm32g474xx.o [1]
  .text              ro code   0x800'1c34     0x4  startup_stm32g474xx.o [1]
  .text              ro code   0x800'1c38     0x4  startup_stm32g474xx.o [1]
  .text              ro code   0x800'1c3c     0x4  startup_stm32g474xx.o [1]
  .text              ro code   0x800'1c40     0x4  startup_stm32g474xx.o [1]
  .text              ro code   0x800'1c44     0x4  startup_stm32g474xx.o [1]
  .text              ro code   0x800'1c48     0x4  startup_stm32g474xx.o [1]
  .text              ro code   0x800'1c4c     0x4  startup_stm32g474xx.o [1]
  .text              ro code   0x800'1c50     0x4  startup_stm32g474xx.o [1]
  .text              ro code   0x800'1c54     0x4  startup_stm32g474xx.o [1]
  .text              ro code   0x800'1c58     0x4  startup_stm32g474xx.o [1]
  .text              ro code   0x800'1c5c     0x4  startup_stm32g474xx.o [1]
  .text              ro code   0x800'1c60     0x4  startup_stm32g474xx.o [1]
  .text              ro code   0x800'1c64     0x4  startup_stm32g474xx.o [1]
  .text              ro code   0x800'1c68     0x4  startup_stm32g474xx.o [1]
  .text              ro code   0x800'1c6c     0x4  startup_stm32g474xx.o [1]
  .text              ro code   0x800'1c70     0x4  startup_stm32g474xx.o [1]
  .text              ro code   0x800'1c74     0x4  startup_stm32g474xx.o [1]
  .text              ro code   0x800'1c78     0x4  startup_stm32g474xx.o [1]
  .text              ro code   0x800'1c7c     0x4  startup_stm32g474xx.o [1]
  .text              ro code   0x800'1c80     0x4  startup_stm32g474xx.o [1]
  .text              ro code   0x800'1c84     0x4  startup_stm32g474xx.o [1]
  .text              ro code   0x800'1c88     0x4  startup_stm32g474xx.o [1]
  .text              ro code   0x800'1c8c     0x4  startup_stm32g474xx.o [1]
  .text              ro code   0x800'1c90     0x4  startup_stm32g474xx.o [1]
  .text              ro code   0x800'1c94     0x4  startup_stm32g474xx.o [1]
  .text              ro code   0x800'1c98     0x4  startup_stm32g474xx.o [1]
  .text              ro code   0x800'1c9c     0x4  startup_stm32g474xx.o [1]
  .text              ro code   0x800'1ca0     0x4  startup_stm32g474xx.o [1]
  .text              ro code   0x800'1ca4     0x4  startup_stm32g474xx.o [1]
  .text              ro code   0x800'1ca8     0x4  startup_stm32g474xx.o [1]
  .text              ro code   0x800'1cac     0x4  startup_stm32g474xx.o [1]
  .text              ro code   0x800'1cb0     0x4  startup_stm32g474xx.o [1]
  .text              ro code   0x800'1cb4     0x4  startup_stm32g474xx.o [1]
  .text              ro code   0x800'1cb8     0x4  startup_stm32g474xx.o [1]
  .text              ro code   0x800'1cbc     0x4  startup_stm32g474xx.o [1]
  .text              ro code   0x800'1cc0     0x4  startup_stm32g474xx.o [1]
  .text              ro code   0x800'1cc4     0x4  startup_stm32g474xx.o [1]
  .text              ro code   0x800'1cc8     0x4  startup_stm32g474xx.o [1]
  .text              ro code   0x800'1ccc     0x4  startup_stm32g474xx.o [1]
  .text              ro code   0x800'1cd0     0x4  startup_stm32g474xx.o [1]
  .text              ro code   0x800'1cd4     0x4  startup_stm32g474xx.o [1]
  .text              ro code   0x800'1cd8     0x4  startup_stm32g474xx.o [1]
  .text              ro code   0x800'1cdc     0x4  startup_stm32g474xx.o [1]
  .text              ro code   0x800'1ce0     0x4  startup_stm32g474xx.o [1]
  .text              ro code   0x800'1ce4     0x4  startup_stm32g474xx.o [1]
  .text              ro code   0x800'1ce8     0x4  startup_stm32g474xx.o [1]
  .text              ro code   0x800'1cec     0x4  startup_stm32g474xx.o [1]
  .text              ro code   0x800'1cf0     0x4  startup_stm32g474xx.o [1]
  .text              ro code   0x800'1cf4     0x4  startup_stm32g474xx.o [1]
  .text              ro code   0x800'1cf8     0x4  startup_stm32g474xx.o [1]
  .text              ro code   0x800'1cfc     0x4  startup_stm32g474xx.o [1]
  .text              ro code   0x800'1d00     0x4  startup_stm32g474xx.o [1]
  .text              ro code   0x800'1d04     0x4  startup_stm32g474xx.o [1]
  .text              ro code   0x800'1d08     0x4  startup_stm32g474xx.o [1]
  .text              ro code   0x800'1d0c     0x4  startup_stm32g474xx.o [1]
  .text              ro code   0x800'1d10     0x4  startup_stm32g474xx.o [1]
  .text              ro code   0x800'1d14     0x4  startup_stm32g474xx.o [1]
  .text              ro code   0x800'1d18     0x4  startup_stm32g474xx.o [1]
  .text              ro code   0x800'1d1c     0x4  startup_stm32g474xx.o [1]
  .text              ro code   0x800'1d20     0x4  startup_stm32g474xx.o [1]
  .text              ro code   0x800'1d24     0x4  startup_stm32g474xx.o [1]
  .text              ro code   0x800'1d28     0x4  startup_stm32g474xx.o [1]
  .text              ro code   0x800'1d2c     0x4  startup_stm32g474xx.o [1]
  .text              ro code   0x800'1d30     0x4  startup_stm32g474xx.o [1]
  .text              ro code   0x800'1d34     0x4  startup_stm32g474xx.o [1]
  .text              ro code   0x800'1d38     0x4  startup_stm32g474xx.o [1]
  .text              ro code   0x800'1d3c     0x4  startup_stm32g474xx.o [1]
  .text              ro code   0x800'1d40     0x4  startup_stm32g474xx.o [1]
  .text              ro code   0x800'1d44     0x4  startup_stm32g474xx.o [1]
  .text              ro code   0x800'1d48     0x4  startup_stm32g474xx.o [1]
  .text              ro code   0x800'1d4c     0x4  startup_stm32g474xx.o [1]
  .text              ro code   0x800'1d50     0x4  startup_stm32g474xx.o [1]
  .text              ro code   0x800'1d54     0x4  startup_stm32g474xx.o [1]
  .text              ro code   0x800'1d58     0x4  startup_stm32g474xx.o [1]
  .text              ro code   0x800'1d5c     0x4  startup_stm32g474xx.o [1]
  .text              ro code   0x800'1d60     0x4  startup_stm32g474xx.o [1]
  .text              ro code   0x800'1d64     0x4  startup_stm32g474xx.o [1]
  .rodata            const     0x800'1d68     0x0  zero_init3.o [4]
  .rodata            const     0x800'1d68     0x0  copy_init3.o [4]
                             - 0x800'1d68  0x1b90

"P2", part 1 of 3:                           0x10
  P2-1                        0x2000'0000    0x10  <Init block>
    .data            inited   0x2000'0000     0xc  stm32g4xx_hal.o [1]
    .data            inited   0x2000'000c     0x4  system_stm32g4xx.o [1]
                            - 0x2000'0010    0x10

"P2", part 2 of 3:                           0x8c
  .bss               zero     0x2000'0010    0x8c  main.o [1]
                            - 0x2000'009c    0x8c

"P2", part 3 of 3:                          0x400
  CSTACK                      0x2000'00a0   0x400  <Block>
    CSTACK           uninit   0x2000'00a0   0x400  <Block tail>
                            - 0x2000'04a0   0x400

Unused ranges:

         From           To      Size
         ----           --      ----
   0x800'1d68   0x807'ffff  0x7'e298
  0x2000'009c  0x2000'009f       0x4
  0x2000'04a0  0x2001'ffff  0x1'fb60


*******************************************************************************
*** INIT TABLE
***

          Address      Size
          -------      ----
Zero (__iar_zero_init3)
    1 destination range, total size 0x8c:
          0x2000'0010  0x8c

Copy (__iar_copy_init3)
    1 source range, total size 0x10:
           0x800'1bc0  0x10
    1 destination range, total size 0x10:
          0x2000'0000  0x10



*******************************************************************************
*** MODULE SUMMARY
***

    Module                   ro code  ro data  rw data
    ------                   -------  -------  -------
command line/config:
    --------------------------------------------------
    Total:

C:\Users\YJ병점\Documents\UART_Polling\EWARM\UART_Polling\Obj: [1]
    main.o                       504               140
    startup_stm32g474xx.o        888
    stm32g4xx_hal.o              126       12       12
    stm32g4xx_hal_cortex.o       200
    stm32g4xx_hal_gpio.o         470
    stm32g4xx_hal_msp.o          152
    stm32g4xx_hal_pwr_ex.o       176
    stm32g4xx_hal_rcc.o        1'580
    stm32g4xx_hal_rcc_ex.o       652
    stm32g4xx_hal_uart.o       1'680
    stm32g4xx_hal_uart_ex.o      272
    stm32g4xx_it.o                28
    system_stm32g4xx.o            44       12        4
    --------------------------------------------------
    Total:                     6'772       24      156

dl7M_tln.a: [2]
    exit.o                         4
    low_level_init.o               4
    --------------------------------------------------
    Total:                         8

m7M_tls.a: [3]
    fpinit_M.o                    34
    --------------------------------------------------
    Total:                        34

rt7M_tl.a: [4]
    ABImemcpy_small.o             24
    ABImemset.o                  102
    I64DivMod_small.o            262
    I64DivZer.o                    2
    cexit.o                       10
    cmain.o                       30
    copy_init3.o                  46
    cstartup_M.o                  28
    data_init.o                   40
    memset.o                      20
    zero_init3.o                  58
    --------------------------------------------------
    Total:                       622

shb_l.a: [5]
    exit.o                        20
    --------------------------------------------------
    Total:                        20

    Gaps                          10        2
    Linker created                         36    1'024
------------------------------------------------------
    Grand Total:               7'466       62    1'180


*******************************************************************************
*** ENTRY LIST
***

Entry                       Address   Size  Type      Object
-----                       -------   ----  ----      ------
.iar.init_table$$Base    0x800'1afc          --   Gb  - Linker created -
.iar.init_table$$Limit   0x800'1b20          --   Gb  - Linker created -
?main                    0x800'1b21         Code  Gb  cmain.o [4]
AHBPrescTable            0x800'1aa0   0x10  Data  Gb  system_stm32g4xx.o [1]
APBPrescTable            0x800'1bd0    0x8  Data  Gb  system_stm32g4xx.o [1]
BusFault_Handler         0x800'1b6f    0x2  Code  Gb  stm32g4xx_it.o [1]
CSTACK$$Base            0x2000'00a0          --   Gb  - Linker created -
CSTACK$$Limit           0x2000'04a0          --   Gb  - Linker created -
DebugMon_Handler         0x800'1b75    0x2  Code  Gb  stm32g4xx_it.o [1]
EXTI15_10_IRQHandler     0x800'1b7d    0x8  Code  Gb  stm32g4xx_it.o [1]
Error_Handler            0x800'1923    0x4  Code  Gb  main.o [1]
HAL_GPIO_EXTI_IRQHandler
                         0x800'12dd   0x10  Code  Gb  stm32g4xx_hal_gpio.o [1]
HAL_GPIO_Init            0x800'113d  0x196  Code  Gb  stm32g4xx_hal_gpio.o [1]
HAL_GPIO_WritePin        0x800'12d3    0xa  Code  Gb  stm32g4xx_hal_gpio.o [1]
HAL_GetTick              0x800'0901    0xc  Code  Wk  stm32g4xx_hal.o [1]
HAL_IncTick              0x800'1b85   0x10  Code  Wk  stm32g4xx_hal.o [1]
HAL_Init                 0x800'193d   0x1e  Code  Gb  stm32g4xx_hal.o [1]
HAL_InitTick             0x800'1341   0x44  Code  Wk  stm32g4xx_hal.o [1]
HAL_MspInit              0x800'0869   0x2e  Code  Gb  stm32g4xx_hal_msp.o [1]
HAL_NVIC_EnableIRQ       0x800'1461   0x16  Code  Gb  stm32g4xx_hal_cortex.o [1]
HAL_NVIC_SetPriority     0x800'1425   0x3a  Code  Gb  stm32g4xx_hal_cortex.o [1]
HAL_NVIC_SetPriorityGrouping
                         0x800'140b   0x1a  Code  Gb  stm32g4xx_hal_cortex.o [1]
HAL_PWREx_ControlVoltageScaling
                         0x800'1079   0x52  Code  Gb  stm32g4xx_hal_pwr_ex.o [1]
HAL_PWREx_DisableUCPDDeadBattery
                         0x800'1107    0x2  Code  Gb  stm32g4xx_hal_pwr_ex.o [1]
HAL_RCCEx_PeriphCLKConfig
                         0x800'14b9  0x264  Code  Gb  stm32g4xx_hal_rcc_ex.o [1]
HAL_RCC_ClockConfig      0x800'0ccf  0x196  Code  Gb  stm32g4xx_hal_rcc.o [1]
HAL_RCC_GetPCLK1Freq     0x800'0ed9   0x10  Code  Gb  stm32g4xx_hal_rcc.o [1]
HAL_RCC_GetPCLK2Freq     0x800'0ee9    0xe  Code  Gb  stm32g4xx_hal_rcc.o [1]
HAL_RCC_GetSysClockFreq
                         0x800'0e7b   0x5e  Code  Gb  stm32g4xx_hal_rcc.o [1]
HAL_RCC_OscConfig        0x800'090d  0x3a6  Code  Gb  stm32g4xx_hal_rcc.o [1]
HAL_SYSTICK_Config       0x800'1477   0x28  Code  Gb  stm32g4xx_hal_cortex.o [1]
HAL_UARTEx_DisableFifoMode
                         0x800'195d   0x3c  Code  Gb  stm32g4xx_hal_uart_ex.o [1]
HAL_UARTEx_SetRxFifoThreshold
                         0x800'19af   0x14  Code  Gb  stm32g4xx_hal_uart_ex.o [1]
HAL_UARTEx_SetTxFifoThreshold
                         0x800'1999   0x16  Code  Gb  stm32g4xx_hal_uart_ex.o [1]
HAL_UART_Init            0x800'01d9   0x30  Code  Gb  stm32g4xx_hal_uart.o [1]
HAL_UART_MspInit         0x800'0897   0x5e  Code  Gb  stm32g4xx_hal_msp.o [1]
HAL_UART_Receive         0x800'0311   0xdc  Code  Gb  stm32g4xx_hal_uart.o [1]
HAL_UART_Transmit        0x800'0259   0xb8  Code  Gb  stm32g4xx_hal_uart.o [1]
HardFault_Handler        0x800'1b6b    0x2  Code  Gb  stm32g4xx_it.o [1]
MemManage_Handler        0x800'1b6d    0x2  Code  Gb  stm32g4xx_it.o [1]
NMI_Handler              0x800'1b69    0x2  Code  Gb  stm32g4xx_it.o [1]
PendSV_Handler           0x800'1b77    0x2  Code  Gb  stm32g4xx_it.o [1]
Region$$Table$$Base      0x800'1afc          --   Gb  - Linker created -
Region$$Table$$Limit     0x800'1b20          --   Gb  - Linker created -
SVC_Handler              0x800'1b73    0x2  Code  Gb  stm32g4xx_it.o [1]
SysTick_Handler          0x800'1b79    0x4  Code  Gb  stm32g4xx_it.o [1]
SystemClock_Config       0x800'1895   0x8e  Code  Gb  main.o [1]
SystemCoreClock         0x2000'000c    0x4  Data  Gb  system_stm32g4xx.o [1]
SystemInit               0x800'1a85   0x14  Code  Gb  system_stm32g4xx.o [1]
UARTEx_SetNbDataToProcess
                         0x800'1a05   0x56  Code  Lc  stm32g4xx_hal_uart_ex.o [1]
UARTPrescTable           0x800'0850   0x18  Data  Gb  stm32g4xx_hal_uart.o [1]
UART_AdvFeatureConfig    0x800'067d   0xc6  Code  Gb  stm32g4xx_hal_uart.o [1]
UART_CheckIdleState      0x800'0743   0x5a  Code  Gb  stm32g4xx_hal_uart.o [1]
UART_SetConfig           0x800'03ed  0x290  Code  Gb  stm32g4xx_hal_uart.o [1]
UART_WaitOnFlagUntilTimeout
                         0x800'079d   0x66  Code  Gb  stm32g4xx_hal_uart.o [1]
UsageFault_Handler       0x800'1b71    0x2  Code  Gb  stm32g4xx_it.o [1]
__NVIC_SetPriority       0x800'13f1   0x1a  Code  Lc  stm32g4xx_hal_cortex.o [1]
__aeabi_ldiv0            0x800'1385         Code  Gb  I64DivZer.o [4]
__aeabi_memset           0x800'1389         Code  Gb  ABImemset.o [4]
__cmain                  0x800'1b21         Code  Gb  cmain.o [4]
__exit                   0x800'1b55   0x14  Code  Gb  exit.o [5]
__iar_Memset             0x800'1389         Code  Gb  ABImemset.o [4]
__iar_Memset_word        0x800'1391         Code  Gb  ABImemset.o [4]
__iar_copy_init3         0x800'1313   0x2e  Code  Gb  copy_init3.o [4]
__iar_data_init3         0x800'1ab1   0x28  Code  Gb  data_init.o [4]
__iar_init_vfp           0x800'1ad9         Code  Gb  fpinit_M.o [3]
__iar_program_start      0x800'1b95         Code  Gb  cstartup_M.o [4]
__iar_small_Memcpy       0x800'1a71         Code  Gb  ABImemcpy_small.o [4]
__iar_small_memcpy       0x800'1a6d         Code  Gb  ABImemcpy_small.o [4]
__iar_small_memcpy4      0x800'1a6d         Code  Gb  ABImemcpy_small.o [4]
__iar_small_memcpy8      0x800'1a6d         Code  Gb  ABImemcpy_small.o [4]
__iar_small_uldivmod     0x800'0f39         Code  Gb  I64DivMod_small.o [4]
__iar_zero_init3         0x800'103f   0x3a  Code  Gb  zero_init3.o [4]
__low_level_init         0x800'1b3f    0x4  Code  Gb  low_level_init.o [2]
__vector_table           0x800'0000         Data  Gb  startup_stm32g474xx.o [1]
_call_main               0x800'1b2d         Code  Gb  cmain.o [4]
_exit                    0x800'1b49         Code  Gb  cexit.o [4]
_main                    0x800'1b37         Code  Gb  cmain.o [4]
exit                     0x800'1b43    0x4  Code  Gb  exit.o [2]
hlpuart1                0x2000'0010   0x8c  Data  Gb  main.o [1]
main                     0x800'1745  0x13a  Code  Gb  main.o [1]
memset                   0x800'1129   0x14  Code  Gb  memset.o [4]
uwTick                  0x2000'0000    0x4  Data  Gb  stm32g4xx_hal.o [1]
uwTickFreq              0x2000'0008    0x4  Data  Gb  stm32g4xx_hal.o [1]
uwTickPrio              0x2000'0004    0x4  Data  Gb  stm32g4xx_hal.o [1]


[1] = C:\Users\YJ병점\Documents\UART_Polling\EWARM\UART_Polling\Obj
[2] = dl7M_tln.a
[3] = m7M_tls.a
[4] = rt7M_tl.a
[5] = shb_l.a

  7'466 bytes of readonly  code memory
     62 bytes of readonly  data memory
  1'180 bytes of readwrite data memory

Errors: none
Warnings: none
